// Jest Snapshot v1, https://goo.gl/fbAQLP

exports[`Exercises renders snapshot 1`] = `
<div>
  <h1
    className="title is-1"
  >
    Exercises
  </h1>
  <hr />
  <br />
  <div>
    <h5
      className="title is-5"
    >
      Define a function called factorial that takes two integers as arguments and returns the factorial of that number.
    </h5>
    <button
      className="button is-primary"
    >
      Run
    </button>
    <br />
    <br />
  </div>
</div>
`;
