// Jest Snapshot v1, https://goo.gl/fbAQLP

exports[`Questions renders snapshot 1`] = `
<div>
  <h1
    className="title is-1"
  >
    Questions
  </h1>
  <hr />
  <br />
  <div
    className="notification is-warning"
  >
    <span>
      Register or Login to submit a question.
    </span>
  </div>
  <div>
    <h5
      className="title is-5"
    >
      Define a function called factorial that takes two integers as arguments and returns the factorial of that number.
    </h5>
    <br />
    <br />
  </div>
</div>
`;
