// Jest Snapshot v1, https://goo.gl/fbAQLP

exports[`UsersList renders a snapshot 1`] = `
Array [
  <tr>
    <th>
      1
    </th>
    <th>
      brent
    </th>
    <th>
      brent@brentdoil.com
    </th>
  </tr>,
  <tr>
    <th>
      2
    </th>
    <th>
      testing1
    </th>
    <th>
      testy@testing.com
    </th>
  </tr>,
]
`;
