// Jest Snapshot v1, https://goo.gl/fbAQLP

exports[`UsersList renders a snapshot 1`] = `
<div>
  <h1
    className="title is-1"
  >
    All Users
  </h1>
  <hr />
  <br />
  <table
    className="table is-hoverable is-fullwidth"
  >
    <thead>
      <tr>
        <th>
          ID
        </th>
        <th>
          USERNAME
        </th>
        <th>
          EMAIL
        </th>
        <th>
          ACTIVE
        </th>
        <th>
          ADMIN
        </th>
      </tr>
    </thead>
    <tfoot>
      <tr>
        <th>
          ID
        </th>
        <th>
          USERNAME
        </th>
        <th>
          EMAIL
        </th>
        <th>
          ACTIVE
        </th>
        <th>
          ADMIN
        </th>
      </tr>
    </tfoot>
    <tbody>
      <tr>
        <td>
          1
        </td>
        <td>
          brent
        </td>
        <td>
          brent@brentdoil.com
        </td>
        <td>
          true
        </td>
        <td>
          false
        </td>
      </tr>
      <tr>
        <td>
          2
        </td>
        <td>
          testing1
        </td>
        <td>
          testy@testing.com
        </td>
        <td>
          false
        </td>
        <td>
          true
        </td>
      </tr>
    </tbody>
  </table>
</div>
`;
